172.16.201.112 - - [02/Jun/2016:18:26:17 +0200] "GET /stat.xsl HTTP/1.1" 304 0 "http://172.16.201.40/stat" "Mozilla/5.0 (Windows NT 6.1; WOW64; rv:46.0) Gecko/20100101 Firefox/46.0"
172.16.201.70 - - [02/Jun/2016:18:26:21 +0200] "GET /stat HTTP/1.1" 200 1914 "-" "Mozilla/5.0 (X11; Linux x86_64; rv:38.0) Gecko/20100101 Firefox/38.0 Iceweasel/38.4.0"
172.16.201.70 - - [02/Jun/2016:18:26:21 +0200] "GET /stat.xsl HTTP/1.1" 304 0 "http://172.16.201.40/stat" "Mozilla/5.0 (X11; Linux x86_64; rv:38.0) Gecko/20100101 Firefox/38.0 Iceweasel/38.4.0"
172.16.201.112 - - [02/Jun/2016:18:26:37 +0200] "GET /stat HTTP/1.1" 200 1918 "-" "Mozilla/5.0 (Windows NT 6.1; WOW64; rv:46.0) Gecko/20100101 Firefox/46.0"
172.16.201.112 - - [02/Jun/2016:18:26:37 +0200] "GET /stat.xsl HTTP/1.1" 304 0 "http://172.16.201.40/stat" "Mozilla/5.0 (Windows NT 6.1; WOW64; rv:46.0) Gecko/20100101 Firefox/46.0"
172.16.201.70 - - [02/Jun/2016:18:26:41 +0200] "GET /stat HTTP/1.1" 200 1918 "-" "Mozilla/5.0 (X11; Linux x86_64; rv:38.0) Gecko/20100101 Firefox/38.0 Iceweasel/38.4.0"
172.16.201.70 - - [02/Jun/2016:18:26:41 +0200] "GET /stat.xsl HTTP/1.1" 304 0 "http://172.16.201.40/stat" "Mozilla/5.0 (X11; Linux x86_64; rv:38.0) Gecko/20100101 Firefox/38.0 Iceweasel/38.4.0"
172.16.201.112 - - [02/Jun/2016:18:26:57 +0200] "GET /stat HTTP/1.1" 200 1915 "-" "Mozilla/5.0 (Windows NT 6.1; WOW64; rv:46.0) Gecko/20100101 Firefox/46.0"
172.16.201.112 - - [02/Jun/2016:18:26:58 +0200] "GET /stat.xsl HTTP/1.1" 304 0 "http://172.16.201.40/stat" "Mozilla/5.0 (Windows NT 6.1; WOW64; rv:46.0) Gecko/20100101 Firefox/46.0"
172.16.201.70 - - [02/Jun/2016:18:27:01 +0200] "GET /stat HTTP/1.1" 200 1918 "-" "Mozilla/5.0 (X11; Linux x86_64; rv:38.0) Gecko/20100101 Firefox/38.0 Iceweasel/38.4.0"
172.16.201.70 - - [02/Jun/2016:18:27:01 +0200] "GET /stat.xsl HTTP/1.1" 304 0 "http://172.16.201.40/stat" "Mozilla/5.0 (X11; Linux x86_64; rv:38.0) Gecko/20100101 Firefox/38.0 Iceweasel/38.4.0"
172.16.201.112 - - [02/Jun/2016:18:27:18 +0200] "GET /stat HTTP/1.1" 200 1918 "-" "Mozilla/5.0 (Windows NT 6.1; WOW64; rv:46.0) Gecko/20100101 Firefox/46.0"
172.16.201.112 - - [02/Jun/2016:18:27:18 +0200] "GET /stat.xsl HTTP/1.1" 304 0 "http://172.16.201.40/stat" "Mozilla/5.0 (Windows NT 6.1; WOW64; rv:46.0) Gecko/20100101 Firefox/46.0"
172.16.201.70 - - [02/Jun/2016:18:27:21 +0200] "GET /stat HTTP/1.1" 200 1918 "-" "Mozilla/5.0 (X11; Linux x86_64; rv:38.0) Gecko/20100101 Firefox/38.0 Iceweasel/38.4.0"
172.16.201.70 - - [02/Jun/2016:18:27:21 +0200] "GET /stat.xsl HTTP/1.1" 304 0 "http://172.16.201.40/stat" "Mozilla/5.0 (X11; Linux x86_64; rv:38.0) Gecko/20100101 Firefox/38.0 Iceweasel/38.4.0"
172.16.201.112 - - [02/Jun/2016:18:27:38 +0200] "GET /stat HTTP/1.1" 200 1915 "-" "Mozilla/5.0 (Windows NT 6.1; WOW64; rv:46.0) Gecko/20100101 Firefox/46.0"
172.16.201.112 - - [02/Jun/2016:18:27:38 +0200] "GET /stat.xsl HTTP/1.1" 304 0 "http://172.16.201.40/stat" "Mozilla/5.0 (Windows NT 6.1; WOW64; rv:46.0) Gecko/20100101 Firefox/46.0"
172.16.201.70 - - [02/Jun/2016:18:27:41 +0200] "GET /stat HTTP/1.1" 200 1915 "-" "Mozilla/5.0 (X11; Linux x86_64; rv:38.0) Gecko/20100101 Firefox/38.0 Iceweasel/38.4.0"
172.16.201.70 - - [02/Jun/2016:18:27:41 +0200] "GET /stat.xsl HTTP/1.1" 304 0 "http://172.16.201.40/stat" "Mozilla/5.0 (X11; Linux x86_64; rv:38.0) Gecko/20100101 Firefox/38.0 Iceweasel/38.4.0"
172.16.201.112 - - [02/Jun/2016:18:27:58 +0200] "GET /stat HTTP/1.1" 200 1915 "-" "Mozilla/5.0 (Windows NT 6.1; WOW64; rv:46.0) Gecko/20100101 Firefox/46.0"
172.16.201.112 - - [02/Jun/2016:18:27:58 +0200] "GET /stat.xsl HTTP/1.1" 304 0 "http://172.16.201.40/stat" "Mozilla/5.0 (Windows NT 6.1; WOW64; rv:46.0) Gecko/20100101 Firefox/46.0"
172.16.201.70 - - [02/Jun/2016:18:28:01 +0200] "GET /stat HTTP/1.1" 200 1918 "-" "Mozilla/5.0 (X11; Linux x86_64; rv:38.0) Gecko/20100101 Firefox/38.0 Iceweasel/38.4.0"
172.16.201.70 - - [02/Jun/2016:18:28:01 +0200] "GET /stat.xsl HTTP/1.1" 304 0 "http://172.16.201.40/stat" "Mozilla/5.0 (X11; Linux x86_64; rv:38.0) Gecko/20100101 Firefox/38.0 Iceweasel/38.4.0"
172.16.201.112 - - [02/Jun/2016:18:28:18 +0200] "GET /stat HTTP/1.1" 200 1915 "-" "Mozilla/5.0 (Windows NT 6.1; WOW64; rv:46.0) Gecko/20100101 Firefox/46.0"
172.16.201.112 - - [02/Jun/2016:18:28:18 +0200] "GET /stat.xsl HTTP/1.1" 304 0 "http://172.16.201.40/stat" "Mozilla/5.0 (Windows NT 6.1; WOW64; rv:46.0) Gecko/20100101 Firefox/46.0"
172.16.201.70 - - [02/Jun/2016:18:28:21 +0200] "GET /stat HTTP/1.1" 200 1915 "-" "Mozilla/5.0 (X11; Linux x86_64; rv:38.0) Gecko/20100101 Firefox/38.0 Iceweasel/38.4.0"
172.16.201.70 - - [02/Jun/2016:18:28:21 +0200] "GET /stat.xsl HTTP/1.1" 304 0 "http://172.16.201.40/stat" "Mozilla/5.0 (X11; Linux x86_64; rv:38.0) Gecko/20100101 Firefox/38.0 Iceweasel/38.4.0"
172.16.201.70 - - [02/Jun/2016:18:28:41 +0200] "GET /stat HTTP/1.1" 200 1625 "-" "Mozilla/5.0 (X11; Linux x86_64; rv:38.0) Gecko/20100101 Firefox/38.0 Iceweasel/38.4.0"
172.16.201.70 - - [02/Jun/2016:18:28:41 +0200] "GET /stat.xsl HTTP/1.1" 304 0 "http://172.16.201.40/stat" "Mozilla/5.0 (X11; Linux x86_64; rv:38.0) Gecko/20100101 Firefox/38.0 Iceweasel/38.4.0"
172.16.201.70 - - [02/Jun/2016:18:29:01 +0200] "GET /stat HTTP/1.1" 200 1623 "-" "Mozilla/5.0 (X11; Linux x86_64; rv:38.0) Gecko/20100101 Firefox/38.0 Iceweasel/38.4.0"
172.16.201.70 - - [02/Jun/2016:18:29:01 +0200] "GET /stat.xsl HTTP/1.1" 304 0 "http://172.16.201.40/stat" "Mozilla/5.0 (X11; Linux x86_64; rv:38.0) Gecko/20100101 Firefox/38.0 Iceweasel/38.4.0"
172.16.201.70 - - [02/Jun/2016:18:29:21 +0200] "GET /stat HTTP/1.1" 200 1625 "-" "Mozilla/5.0 (X11; Linux x86_64; rv:38.0) Gecko/20100101 Firefox/38.0 Iceweasel/38.4.0"
172.16.201.70 - - [02/Jun/2016:18:29:21 +0200] "GET /stat.xsl HTTP/1.1" 304 0 "http://172.16.201.40/stat" "Mozilla/5.0 (X11; Linux x86_64; rv:38.0) Gecko/20100101 Firefox/38.0 Iceweasel/38.4.0"
172.16.201.70 - - [02/Jun/2016:18:29:41 +0200] "GET /stat HTTP/1.1" 200 1625 "-" "Mozilla/5.0 (X11; Linux x86_64; rv:38.0) Gecko/20100101 Firefox/38.0 Iceweasel/38.4.0"
172.16.201.70 - - [02/Jun/2016:18:29:41 +0200] "GET /stat.xsl HTTP/1.1" 304 0 "http://172.16.201.40/stat" "Mozilla/5.0 (X11; Linux x86_64; rv:38.0) Gecko/20100101 Firefox/38.0 Iceweasel/38.4.0"
172.16.201.70 - - [02/Jun/2016:18:30:01 +0200] "GET /stat HTTP/1.1" 200 1623 "-" "Mozilla/5.0 (X11; Linux x86_64; rv:38.0) Gecko/20100101 Firefox/38.0 Iceweasel/38.4.0"
172.16.201.70 - - [02/Jun/2016:18:30:01 +0200] "GET /stat.xsl HTTP/1.1" 304 0 "http://172.16.201.40/stat" "Mozilla/5.0 (X11; Linux x86_64; rv:38.0) Gecko/20100101 Firefox/38.0 Iceweasel/38.4.0"
172.16.201.70 - - [02/Jun/2016:18:30:21 +0200] "GET /stat HTTP/1.1" 200 1625 "-" "Mozilla/5.0 (X11; Linux x86_64; rv:38.0) Gecko/20100101 Firefox/38.0 Iceweasel/38.4.0"
172.16.201.70 - - [02/Jun/2016:18:30:21 +0200] "GET /stat.xsl HTTP/1.1" 304 0 "http://172.16.201.40/stat" "Mozilla/5.0 (X11; Linux x86_64; rv:38.0) Gecko/20100101 Firefox/38.0 Iceweasel/38.4.0"
172.16.201.70 - - [02/Jun/2016:18:30:41 +0200] "GET /stat HTTP/1.1" 200 1625 "-" "Mozilla/5.0 (X11; Linux x86_64; rv:38.0) Gecko/20100101 Firefox/38.0 Iceweasel/38.4.0"
172.16.201.70 - - [02/Jun/2016:18:30:41 +0200] "GET /stat.xsl HTTP/1.1" 304 0 "http://172.16.201.40/stat" "Mozilla/5.0 (X11; Linux x86_64; rv:38.0) Gecko/20100101 Firefox/38.0 Iceweasel/38.4.0"
172.16.201.70 - - [02/Jun/2016:18:31:01 +0200] "GET /stat HTTP/1.1" 200 1625 "-" "Mozilla/5.0 (X11; Linux x86_64; rv:38.0) Gecko/20100101 Firefox/38.0 Iceweasel/38.4.0"
172.16.201.70 - - [02/Jun/2016:18:31:01 +0200] "GET /stat.xsl HTTP/1.1" 304 0 "http://172.16.201.40/stat" "Mozilla/5.0 (X11; Linux x86_64; rv:38.0) Gecko/20100101 Firefox/38.0 Iceweasel/38.4.0"
172.16.201.70 - - [02/Jun/2016:18:31:21 +0200] "GET /stat HTTP/1.1" 200 1625 "-" "Mozilla/5.0 (X11; Linux x86_64; rv:38.0) Gecko/20100101 Firefox/38.0 Iceweasel/38.4.0"
172.16.201.70 - - [02/Jun/2016:18:31:21 +0200] "GET /stat.xsl HTTP/1.1" 304 0 "http://172.16.201.40/stat" "Mozilla/5.0 (X11; Linux x86_64; rv:38.0) Gecko/20100101 Firefox/38.0 Iceweasel/38.4.0"
172.16.201.70 - - [02/Jun/2016:18:31:41 +0200] "GET /stat HTTP/1.1" 200 1625 "-" "Mozilla/5.0 (X11; Linux x86_64; rv:38.0) Gecko/20100101 Firefox/38.0 Iceweasel/38.4.0"
172.16.201.70 - - [02/Jun/2016:18:31:41 +0200] "GET /stat.xsl HTTP/1.1" 304 0 "http://172.16.201.40/stat" "Mozilla/5.0 (X11; Linux x86_64; rv:38.0) Gecko/20100101 Firefox/38.0 Iceweasel/38.4.0"
172.16.201.70 - - [02/Jun/2016:18:32:01 +0200] "GET /stat HTTP/1.1" 200 1623 "-" "Mozilla/5.0 (X11; Linux x86_64; rv:38.0) Gecko/20100101 Firefox/38.0 Iceweasel/38.4.0"
172.16.201.70 - - [02/Jun/2016:18:32:01 +0200] "GET /stat.xsl HTTP/1.1" 304 0 "http://172.16.201.40/stat" "Mozilla/5.0 (X11; Linux x86_64; rv:38.0) Gecko/20100101 Firefox/38.0 Iceweasel/38.4.0"
172.16.201.70 - - [02/Jun/2016:18:32:21 +0200] "GET /stat HTTP/1.1" 200 1623 "-" "Mozilla/5.0 (X11; Linux x86_64; rv:38.0) Gecko/20100101 Firefox/38.0 Iceweasel/38.4.0"
172.16.201.70 - - [02/Jun/2016:18:32:21 +0200] "GET /stat.xsl HTTP/1.1" 304 0 "http://172.16.201.40/stat" "Mozilla/5.0 (X11; Linux x86_64; rv:38.0) Gecko/20100101 Firefox/38.0 Iceweasel/38.4.0"
172.16.201.70 - - [02/Jun/2016:18:32:41 +0200] "GET /stat HTTP/1.1" 200 1625 "-" "Mozilla/5.0 (X11; Linux x86_64; rv:38.0) Gecko/20100101 Firefox/38.0 Iceweasel/38.4.0"
172.16.201.70 - - [02/Jun/2016:18:32:41 +0200] "GET /stat.xsl HTTP/1.1" 304 0 "http://172.16.201.40/stat" "Mozilla/5.0 (X11; Linux x86_64; rv:38.0) Gecko/20100101 Firefox/38.0 Iceweasel/38.4.0"
172.16.201.70 - - [02/Jun/2016:18:33:01 +0200] "GET /stat HTTP/1.1" 200 1623 "-" "Mozilla/5.0 (X11; Linux x86_64; rv:38.0) Gecko/20100101 Firefox/38.0 Iceweasel/38.4.0"
172.16.201.70 - - [02/Jun/2016:18:33:01 +0200] "GET /stat.xsl HTTP/1.1" 304 0 "http://172.16.201.40/stat" "Mozilla/5.0 (X11; Linux x86_64; rv:38.0) Gecko/20100101 Firefox/38.0 Iceweasel/38.4.0"
172.16.201.70 - - [02/Jun/2016:18:33:21 +0200] "GET /stat HTTP/1.1" 200 1625 "-" "Mozilla/5.0 (X11; Linux x86_64; rv:38.0) Gecko/20100101 Firefox/38.0 Iceweasel/38.4.0"
172.16.201.70 - - [02/Jun/2016:18:33:21 +0200] "GET /stat.xsl HTTP/1.1" 304 0 "http://172.16.201.40/stat" "Mozilla/5.0 (X11; Linux x86_64; rv:38.0) Gecko/20100101 Firefox/38.0 Iceweasel/38.4.0"
172.16.201.70 - - [02/Jun/2016:18:33:41 +0200] "GET /stat HTTP/1.1" 200 1625 "-" "Mozilla/5.0 (X11; Linux x86_64; rv:38.0) Gecko/20100101 Firefox/38.0 Iceweasel/38.4.0"
172.16.201.70 - - [02/Jun/2016:18:33:41 +0200] "GET /stat.xsl HTTP/1.1" 304 0 "http://172.16.201.40/stat" "Mozilla/5.0 (X11; Linux x86_64; rv:38.0) Gecko/20100101 Firefox/38.0 Iceweasel/38.4.0"
172.16.201.70 - - [02/Jun/2016:18:34:01 +0200] "GET /stat HTTP/1.1" 200 1625 "-" "Mozilla/5.0 (X11; Linux x86_64; rv:38.0) Gecko/20100101 Firefox/38.0 Iceweasel/38.4.0"
172.16.201.70 - - [02/Jun/2016:18:34:01 +0200] "GET /stat.xsl HTTP/1.1" 304 0 "http://172.16.201.40/stat" "Mozilla/5.0 (X11; Linux x86_64; rv:38.0) Gecko/20100101 Firefox/38.0 Iceweasel/38.4.0"
172.16.201.112 - - [02/Jun/2016:18:34:19 +0200] "GET /stat HTTP/1.1" 200 1920 "http://172.16.201.42/monitoring/" "Mozilla/5.0 (Windows NT 6.1; WOW64; rv:46.0) Gecko/20100101 Firefox/46.0"
172.16.201.70 - - [02/Jun/2016:18:34:21 +0200] "GET /stat HTTP/1.1" 200 1625 "-" "Mozilla/5.0 (X11; Linux x86_64; rv:38.0) Gecko/20100101 Firefox/38.0 Iceweasel/38.4.0"
172.16.201.70 - - [02/Jun/2016:18:34:21 +0200] "GET /stat.xsl HTTP/1.1" 304 0 "http://172.16.201.40/stat" "Mozilla/5.0 (X11; Linux x86_64; rv:38.0) Gecko/20100101 Firefox/38.0 Iceweasel/38.4.0"
172.16.201.112 - - [02/Jun/2016:18:34:25 +0200] "GET /stat HTTP/1.1" 200 1623 "http://172.16.201.42/monitoring/" "Mozilla/5.0 (Windows NT 6.1; WOW64; rv:46.0) Gecko/20100101 Firefox/46.0"
172.16.201.112 - - [02/Jun/2016:18:34:26 +0200] "GET /stat.xsl HTTP/1.1" 304 0 "http://172.16.201.40/stat" "Mozilla/5.0 (Windows NT 6.1; WOW64; rv:46.0) Gecko/20100101 Firefox/46.0"
172.16.201.70 - - [02/Jun/2016:18:34:29 +0200] "GET /stat HTTP/1.1" 200 1623 "http://172.16.201.42/monitoring/" "Mozilla/5.0 (X11; Linux x86_64; rv:38.0) Gecko/20100101 Firefox/38.0 Iceweasel/38.4.0"
172.16.201.70 - - [02/Jun/2016:18:34:30 +0200] "GET /stat HTTP/1.1" 200 1625 "http://172.16.201.42/monitoring/" "Mozilla/5.0 (X11; Linux x86_64; rv:38.0) Gecko/20100101 Firefox/38.0 Iceweasel/38.4.0"
172.16.201.70 - - [02/Jun/2016:18:34:30 +0200] "GET /stat HTTP/1.1" 200 1625 "http://172.16.201.42/monitoring/" "Mozilla/5.0 (X11; Linux x86_64; rv:38.0) Gecko/20100101 Firefox/38.0 Iceweasel/38.4.0"
172.16.201.70 - - [02/Jun/2016:18:34:30 +0200] "GET /stat HTTP/1.1" 200 1625 "http://172.16.201.42/monitoring/" "Mozilla/5.0 (X11; Linux x86_64; rv:38.0) Gecko/20100101 Firefox/38.0 Iceweasel/38.4.0"
172.16.201.70 - - [02/Jun/2016:18:34:31 +0200] "GET /stat HTTP/1.1" 200 1625 "http://172.16.201.42/monitoring/" "Mozilla/5.0 (X11; Linux x86_64; rv:38.0) Gecko/20100101 Firefox/38.0 Iceweasel/38.4.0"
172.16.201.70 - - [02/Jun/2016:18:34:31 +0200] "GET /stat HTTP/1.1" 200 1623 "http://172.16.201.42/monitoring/" "Mozilla/5.0 (X11; Linux x86_64; rv:38.0) Gecko/20100101 Firefox/38.0 Iceweasel/38.4.0"
172.16.201.70 - - [02/Jun/2016:18:34:31 +0200] "GET /stat HTTP/1.1" 200 1625 "http://172.16.201.42/monitoring/" "Mozilla/5.0 (X11; Linux x86_64; rv:38.0) Gecko/20100101 Firefox/38.0 Iceweasel/38.4.0"
172.16.201.112 - - [02/Jun/2016:18:34:39 +0200] "GET /stat HTTP/1.1" 200 1625 "http://172.16.201.42/monitoring/" "Mozilla/5.0 (Windows NT 6.1; WOW64; rv:46.0) Gecko/20100101 Firefox/46.0"
172.16.201.112 - - [02/Jun/2016:18:34:42 +0200] "GET /stat HTTP/1.1" 200 1623 "http://172.16.201.42/monitoring/" "Mozilla/5.0 (Windows NT 6.1; WOW64; rv:46.0) Gecko/20100101 Firefox/46.0"
172.16.201.112 - - [02/Jun/2016:18:34:42 +0200] "GET /stat.xsl HTTP/1.1" 304 0 "http://172.16.201.40/stat" "Mozilla/5.0 (Windows NT 6.1; WOW64; rv:46.0) Gecko/20100101 Firefox/46.0"
172.16.201.112 - - [02/Jun/2016:18:34:43 +0200] "GET /stat HTTP/1.1" 200 1625 "http://172.16.201.42/monitoring/" "Mozilla/5.0 (Windows NT 6.1; WOW64; rv:46.0) Gecko/20100101 Firefox/46.0"
172.16.201.112 - - [02/Jun/2016:18:34:43 +0200] "GET /stat.xsl HTTP/1.1" 304 0 "http://172.16.201.40/stat" "Mozilla/5.0 (Windows NT 6.1; WOW64; rv:46.0) Gecko/20100101 Firefox/46.0"
172.16.201.112 - - [02/Jun/2016:18:34:43 +0200] "GET /stat HTTP/1.1" 200 1625 "http://172.16.201.42/monitoring/" "Mozilla/5.0 (Windows NT 6.1; WOW64; rv:46.0) Gecko/20100101 Firefox/46.0"
172.16.201.112 - - [02/Jun/2016:18:34:43 +0200] "GET /stat.xsl HTTP/1.1" 304 0 "http://172.16.201.40/stat" "Mozilla/5.0 (Windows NT 6.1; WOW64; rv:46.0) Gecko/20100101 Firefox/46.0"
172.16.201.70 - - [02/Jun/2016:18:34:51 +0200] "GET /stat HTTP/1.1" 200 1625 "-" "Mozilla/5.0 (X11; Linux x86_64; rv:38.0) Gecko/20100101 Firefox/38.0 Iceweasel/38.4.0"
172.16.201.70 - - [02/Jun/2016:18:34:51 +0200] "GET /stat.xsl HTTP/1.1" 304 0 "http://172.16.201.40/stat" "Mozilla/5.0 (X11; Linux x86_64; rv:38.0) Gecko/20100101 Firefox/38.0 Iceweasel/38.4.0"
172.16.201.112 - - [02/Jun/2016:18:34:57 +0200] "GET /stat HTTP/1.1" 200 2498 "http://172.16.201.42/monitoring/" "Mozilla/5.0 (Windows NT 6.1; WOW64; rv:46.0) Gecko/20100101 Firefox/46.0"
172.16.201.112 - - [02/Jun/2016:18:34:58 +0200] "GET /stat.xsl HTTP/1.1" 304 0 "http://172.16.201.40/stat" "Mozilla/5.0 (Windows NT 6.1; WOW64; rv:46.0) Gecko/20100101 Firefox/46.0"
172.16.201.112 - - [02/Jun/2016:18:35:04 +0200] "GET /stat HTTP/1.1" 200 3972 "http://172.16.201.42/monitoring/" "Mozilla/5.0 (Windows NT 6.1; WOW64; rv:46.0) Gecko/20100101 Firefox/46.0"
172.16.201.112 - - [02/Jun/2016:18:35:08 +0200] "GET /stat HTTP/1.1" 200 4533 "http://172.16.201.42/monitoring/" "Mozilla/5.0 (Windows NT 6.1; WOW64; rv:46.0) Gecko/20100101 Firefox/46.0"
172.16.201.112 - - [02/Jun/2016:18:35:08 +0200] "GET /stat.xsl HTTP/1.1" 304 0 "http://172.16.201.40/stat" "Mozilla/5.0 (Windows NT 6.1; WOW64; rv:46.0) Gecko/20100101 Firefox/46.0"
172.16.201.70 - - [02/Jun/2016:18:35:11 +0200] "GET /stat HTTP/1.1" 200 5130 "-" "Mozilla/5.0 (X11; Linux x86_64; rv:38.0) Gecko/20100101 Firefox/38.0 Iceweasel/38.4.0"
172.16.201.70 - - [02/Jun/2016:18:35:11 +0200] "GET /stat.xsl HTTP/1.1" 304 0 "http://172.16.201.40/stat" "Mozilla/5.0 (X11; Linux x86_64; rv:38.0) Gecko/20100101 Firefox/38.0 Iceweasel/38.4.0"
172.16.201.112 - - [02/Jun/2016:18:35:28 +0200] "GET /stat HTTP/1.1" 200 5410 "-" "Mozilla/5.0 (Windows NT 6.1; WOW64; rv:46.0) Gecko/20100101 Firefox/46.0"
172.16.201.112 - - [02/Jun/2016:18:35:28 +0200] "GET /stat.xsl HTTP/1.1" 304 0 "http://172.16.201.40/stat" "Mozilla/5.0 (Windows NT 6.1; WOW64; rv:46.0) Gecko/20100101 Firefox/46.0"
172.16.201.70 - - [02/Jun/2016:18:35:31 +0200] "GET /stat HTTP/1.1" 200 5425 "-" "Mozilla/5.0 (X11; Linux x86_64; rv:38.0) Gecko/20100101 Firefox/38.0 Iceweasel/38.4.0"
172.16.201.70 - - [02/Jun/2016:18:35:31 +0200] "GET /stat.xsl HTTP/1.1" 304 0 "http://172.16.201.40/stat" "Mozilla/5.0 (X11; Linux x86_64; rv:38.0) Gecko/20100101 Firefox/38.0 Iceweasel/38.4.0"
172.16.201.112 - - [02/Jun/2016:18:35:48 +0200] "GET /stat HTTP/1.1" 200 5410 "-" "Mozilla/5.0 (Windows NT 6.1; WOW64; rv:46.0) Gecko/20100101 Firefox/46.0"
172.16.201.112 - - [02/Jun/2016:18:35:48 +0200] "GET /stat.xsl HTTP/1.1" 304 0 "http://172.16.201.40/stat" "Mozilla/5.0 (Windows NT 6.1; WOW64; rv:46.0) Gecko/20100101 Firefox/46.0"
172.16.201.70 - - [02/Jun/2016:18:35:51 +0200] "GET /stat HTTP/1.1" 200 5425 "-" "Mozilla/5.0 (X11; Linux x86_64; rv:38.0) Gecko/20100101 Firefox/38.0 Iceweasel/38.4.0"
172.16.201.70 - - [02/Jun/2016:18:35:51 +0200] "GET /stat.xsl HTTP/1.1" 304 0 "http://172.16.201.40/stat" "Mozilla/5.0 (X11; Linux x86_64; rv:38.0) Gecko/20100101 Firefox/38.0 Iceweasel/38.4.0"
172.16.201.112 - - [02/Jun/2016:18:35:58 +0200] "GET /stat HTTP/1.1" 200 1625 "http://172.16.201.42/monitoring/" "Mozilla/5.0 (Windows NT 6.1; WOW64; rv:46.0) Gecko/20100101 Firefox/46.0"
172.16.201.112 - - [02/Jun/2016:18:35:58 +0200] "GET /stat.xsl HTTP/1.1" 304 0 "http://172.16.201.40/stat" "Mozilla/5.0 (Windows NT 6.1; WOW64; rv:46.0) Gecko/20100101 Firefox/46.0"
172.16.201.70 - - [02/Jun/2016:18:36:11 +0200] "GET /stat HTTP/1.1" 200 1623 "-" "Mozilla/5.0 (X11; Linux x86_64; rv:38.0) Gecko/20100101 Firefox/38.0 Iceweasel/38.4.0"
172.16.201.70 - - [02/Jun/2016:18:36:11 +0200] "GET /stat.xsl HTTP/1.1" 304 0 "http://172.16.201.40/stat" "Mozilla/5.0 (X11; Linux x86_64; rv:38.0) Gecko/20100101 Firefox/38.0 Iceweasel/38.4.0"
172.16.201.112 - - [02/Jun/2016:18:36:18 +0200] "GET /stat HTTP/1.1" 200 1625 "-" "Mozilla/5.0 (Windows NT 6.1; WOW64; rv:46.0) Gecko/20100101 Firefox/46.0"
172.16.201.112 - - [02/Jun/2016:18:36:18 +0200] "GET /stat.xsl HTTP/1.1" 304 0 "http://172.16.201.40/stat" "Mozilla/5.0 (Windows NT 6.1; WOW64; rv:46.0) Gecko/20100101 Firefox/46.0"
172.16.201.70 - - [02/Jun/2016:18:36:31 +0200] "GET /stat HTTP/1.1" 200 1624 "-" "Mozilla/5.0 (X11; Linux x86_64; rv:38.0) Gecko/20100101 Firefox/38.0 Iceweasel/38.4.0"
172.16.201.70 - - [02/Jun/2016:18:36:31 +0200] "GET /stat.xsl HTTP/1.1" 304 0 "http://172.16.201.40/stat" "Mozilla/5.0 (X11; Linux x86_64; rv:38.0) Gecko/20100101 Firefox/38.0 Iceweasel/38.4.0"
172.16.201.70 - - [02/Jun/2016:18:36:51 +0200] "GET /stat HTTP/1.1" 200 1626 "-" "Mozilla/5.0 (X11; Linux x86_64; rv:38.0) Gecko/20100101 Firefox/38.0 Iceweasel/38.4.0"
172.16.201.70 - - [02/Jun/2016:18:36:51 +0200] "GET /stat.xsl HTTP/1.1" 304 0 "http://172.16.201.40/stat" "Mozilla/5.0 (X11; Linux x86_64; rv:38.0) Gecko/20100101 Firefox/38.0 Iceweasel/38.4.0"
172.16.201.70 - - [02/Jun/2016:18:37:11 +0200] "GET /stat HTTP/1.1" 200 1626 "-" "Mozilla/5.0 (X11; Linux x86_64; rv:38.0) Gecko/20100101 Firefox/38.0 Iceweasel/38.4.0"
172.16.201.70 - - [02/Jun/2016:18:37:11 +0200] "GET /stat.xsl HTTP/1.1" 304 0 "http://172.16.201.40/stat" "Mozilla/5.0 (X11; Linux x86_64; rv:38.0) Gecko/20100101 Firefox/38.0 Iceweasel/38.4.0"
172.16.201.70 - - [02/Jun/2016:18:37:31 +0200] "GET /stat HTTP/1.1" 200 1626 "-" "Mozilla/5.0 (X11; Linux x86_64; rv:38.0) Gecko/20100101 Firefox/38.0 Iceweasel/38.4.0"
172.16.201.70 - - [02/Jun/2016:18:37:31 +0200] "GET /stat.xsl HTTP/1.1" 304 0 "http://172.16.201.40/stat" "Mozilla/5.0 (X11; Linux x86_64; rv:38.0) Gecko/20100101 Firefox/38.0 Iceweasel/38.4.0"
172.16.201.70 - - [02/Jun/2016:18:37:51 +0200] "GET /stat HTTP/1.1" 200 1624 "-" "Mozilla/5.0 (X11; Linux x86_64; rv:38.0) Gecko/20100101 Firefox/38.0 Iceweasel/38.4.0"
172.16.201.70 - - [02/Jun/2016:18:37:51 +0200] "GET /stat.xsl HTTP/1.1" 304 0 "http://172.16.201.40/stat" "Mozilla/5.0 (X11; Linux x86_64; rv:38.0) Gecko/20100101 Firefox/38.0 Iceweasel/38.4.0"
172.16.201.70 - - [02/Jun/2016:18:38:11 +0200] "GET /stat HTTP/1.1" 200 1624 "-" "Mozilla/5.0 (X11; Linux x86_64; rv:38.0) Gecko/20100101 Firefox/38.0 Iceweasel/38.4.0"
172.16.201.70 - - [02/Jun/2016:18:38:11 +0200] "GET /stat.xsl HTTP/1.1" 304 0 "http://172.16.201.40/stat" "Mozilla/5.0 (X11; Linux x86_64; rv:38.0) Gecko/20100101 Firefox/38.0 Iceweasel/38.4.0"
172.16.201.70 - - [02/Jun/2016:18:38:31 +0200] "GET /stat HTTP/1.1" 200 1626 "-" "Mozilla/5.0 (X11; Linux x86_64; rv:38.0) Gecko/20100101 Firefox/38.0 Iceweasel/38.4.0"
172.16.201.70 - - [02/Jun/2016:18:38:31 +0200] "GET /stat.xsl HTTP/1.1" 304 0 "http://172.16.201.40/stat" "Mozilla/5.0 (X11; Linux x86_64; rv:38.0) Gecko/20100101 Firefox/38.0 Iceweasel/38.4.0"
172.16.201.168 - - [02/Jun/2016:18:39:48 +0200] "GET /stat HTTP/1.1" 200 1624 "http://172.16.201.42/monitoring/" "Mozilla/5.0 (Windows NT 6.1; Win64; x64) AppleWebKit/537.36 (KHTML, like Gecko) Chrome/51.0.2704.79 Safari/537.36"
172.16.201.168 - - [02/Jun/2016:18:39:49 +0200] "GET /stat HTTP/1.1" 200 1624 "http://172.16.201.42/monitoring/" "Mozilla/5.0 (Windows NT 6.1; Win64; x64) AppleWebKit/537.36 (KHTML, like Gecko) Chrome/51.0.2704.79 Safari/537.36"
172.16.201.168 - - [02/Jun/2016:18:39:49 +0200] "GET /stat.xsl HTTP/1.1" 304 0 "http://172.16.201.40/stat" "Mozilla/5.0 (Windows NT 6.1; Win64; x64) AppleWebKit/537.36 (KHTML, like Gecko) Chrome/51.0.2704.79 Safari/537.36"
172.16.201.168 - - [02/Jun/2016:18:39:49 +0200] "GET /stat HTTP/1.1" 200 1626 "http://172.16.201.42/monitoring/" "Mozilla/5.0 (Windows NT 6.1; Win64; x64) AppleWebKit/537.36 (KHTML, like Gecko) Chrome/51.0.2704.79 Safari/537.36"
172.16.201.168 - - [02/Jun/2016:18:39:49 +0200] "GET /stat.xsl HTTP/1.1" 304 0 "http://172.16.201.40/stat" "Mozilla/5.0 (Windows NT 6.1; Win64; x64) AppleWebKit/537.36 (KHTML, like Gecko) Chrome/51.0.2704.79 Safari/537.36"
172.16.201.168 - - [02/Jun/2016:18:39:49 +0200] "GET /stat HTTP/1.1" 200 1624 "http://172.16.201.42/monitoring/" "Mozilla/5.0 (Windows NT 6.1; Win64; x64) AppleWebKit/537.36 (KHTML, like Gecko) Chrome/51.0.2704.79 Safari/537.36"
172.16.201.168 - - [02/Jun/2016:18:39:49 +0200] "GET /stat.xsl HTTP/1.1" 304 0 "http://172.16.201.40/stat" "Mozilla/5.0 (Windows NT 6.1; Win64; x64) AppleWebKit/537.36 (KHTML, like Gecko) Chrome/51.0.2704.79 Safari/537.36"
172.16.201.168 - - [02/Jun/2016:18:39:50 +0200] "GET /stat HTTP/1.1" 200 1626 "http://172.16.201.42/monitoring/" "Mozilla/5.0 (Windows NT 6.1; Win64; x64) AppleWebKit/537.36 (KHTML, like Gecko) Chrome/51.0.2704.79 Safari/537.36"
172.16.201.168 - - [02/Jun/2016:18:39:50 +0200] "GET /stat HTTP/1.1" 200 1626 "http://172.16.201.42/monitoring/" "Mozilla/5.0 (Windows NT 6.1; Win64; x64) AppleWebKit/537.36 (KHTML, like Gecko) Chrome/51.0.2704.79 Safari/537.36"
172.16.201.168 - - [02/Jun/2016:18:39:50 +0200] "GET /stat.xsl HTTP/1.1" 304 0 "http://172.16.201.40/stat" "Mozilla/5.0 (Windows NT 6.1; Win64; x64) AppleWebKit/537.36 (KHTML, like Gecko) Chrome/51.0.2704.79 Safari/537.36"
172.16.201.168 - - [02/Jun/2016:18:39:50 +0200] "GET /stat HTTP/1.1" 200 1624 "http://172.16.201.42/monitoring/" "Mozilla/5.0 (Windows NT 6.1; Win64; x64) AppleWebKit/537.36 (KHTML, like Gecko) Chrome/51.0.2704.79 Safari/537.36"
172.16.201.168 - - [02/Jun/2016:18:39:50 +0200] "GET /stat.xsl HTTP/1.1" 304 0 "http://172.16.201.40/stat" "Mozilla/5.0 (Windows NT 6.1; Win64; x64) AppleWebKit/537.36 (KHTML, like Gecko) Chrome/51.0.2704.79 Safari/537.36"
172.16.201.135 - - [03/Jun/2016:13:37:17 +0200] "GET /stat HTTP/1.1" 200 1632 "http://172.16.201.42/monitoring/" "Mozilla/5.0 (Windows NT 6.1; WOW64) AppleWebKit/537.36 (KHTML, like Gecko) Chrome/50.0.2661.102 Safari/537.36"
172.16.201.135 - - [03/Jun/2016:13:37:17 +0200] "GET /stat.xsl HTTP/1.1" 200 12415 "http://172.16.201.40/stat" "Mozilla/5.0 (Windows NT 6.1; WOW64) AppleWebKit/537.36 (KHTML, like Gecko) Chrome/50.0.2661.102 Safari/537.36"
172.16.201.135 - - [03/Jun/2016:13:39:22 +0200] "GET /stat HTTP/1.1" 200 1634 "http://172.16.201.42/monitoring/" "Mozilla/5.0 (Windows NT 6.1; WOW64) AppleWebKit/537.36 (KHTML, like Gecko) Chrome/50.0.2661.102 Safari/537.36"
172.16.201.135 - - [03/Jun/2016:13:39:42 +0200] "GET /stat HTTP/1.1" 200 1923 "http://172.16.201.40/stat" "Mozilla/5.0 (Windows NT 6.1; WOW64) AppleWebKit/537.36 (KHTML, like Gecko) Chrome/50.0.2661.102 Safari/537.36"
172.16.201.135 - - [03/Jun/2016:13:39:42 +0200] "GET /stat.xsl HTTP/1.1" 304 0 "http://172.16.201.40/stat" "Mozilla/5.0 (Windows NT 6.1; WOW64) AppleWebKit/537.36 (KHTML, like Gecko) Chrome/50.0.2661.102 Safari/537.36"
172.16.201.135 - - [03/Jun/2016:13:40:01 +0200] "GET /stat HTTP/1.1" 200 1924 "http://172.16.201.42/monitoring/" "Mozilla/5.0 (Windows NT 6.1; WOW64) AppleWebKit/537.36 (KHTML, like Gecko) Chrome/50.0.2661.102 Safari/537.36"
172.16.201.135 - - [03/Jun/2016:13:42:36 +0200] "GET /stat HTTP/1.1" 200 1632 "http://172.16.201.42/monitoring/" "Mozilla/5.0 (Windows NT 6.1; WOW64) AppleWebKit/537.36 (KHTML, like Gecko) Chrome/50.0.2661.102 Safari/537.36"
172.16.201.135 - - [03/Jun/2016:13:42:37 +0200] "GET /stat HTTP/1.1" 200 1634 "http://172.16.201.42/monitoring/" "Mozilla/5.0 (Windows NT 6.1; WOW64) AppleWebKit/537.36 (KHTML, like Gecko) Chrome/50.0.2661.102 Safari/537.36"
172.16.201.135 - - [03/Jun/2016:13:42:49 +0200] "GET / HTTP/1.1" 200 1545 "-" "Mozilla/5.0 (Windows NT 6.1; WOW64) AppleWebKit/537.36 (KHTML, like Gecko) Chrome/50.0.2661.102 Safari/537.36"
172.16.201.135 - - [03/Jun/2016:13:42:49 +0200] "GET /jwplayer.js HTTP/1.1" 404 571 "http://172.16.201.40/" "Mozilla/5.0 (Windows NT 6.1; WOW64) AppleWebKit/537.36 (KHTML, like Gecko) Chrome/50.0.2661.102 Safari/537.36"
172.16.201.135 - - [03/Jun/2016:13:42:49 +0200] "GET /jwplayer.html5.js HTTP/1.1" 404 571 "http://172.16.201.40/" "Mozilla/5.0 (Windows NT 6.1; WOW64) AppleWebKit/537.36 (KHTML, like Gecko) Chrome/50.0.2661.102 Safari/537.36"
172.16.201.135 - - [03/Jun/2016:13:42:49 +0200] "GET /test.css HTTP/1.1" 404 571 "http://172.16.201.40/" "Mozilla/5.0 (Windows NT 6.1; WOW64) AppleWebKit/537.36 (KHTML, like Gecko) Chrome/50.0.2661.102 Safari/537.36"
172.16.201.135 - - [03/Jun/2016:13:42:49 +0200] "GET /bootstrap/bootstrap-3.3.2-dist/css/bootstrap.min.css HTTP/1.1" 404 571 "http://172.16.201.40/" "Mozilla/5.0 (Windows NT 6.1; WOW64) AppleWebKit/537.36 (KHTML, like Gecko) Chrome/50.0.2661.102 Safari/537.36"
172.16.201.135 - - [03/Jun/2016:13:42:49 +0200] "GET /indexx_fichiers/ie-emulation-modes-warning.js HTTP/1.1" 404 571 "http://172.16.201.40/" "Mozilla/5.0 (Windows NT 6.1; WOW64) AppleWebKit/537.36 (KHTML, like Gecko) Chrome/50.0.2661.102 Safari/537.36"
172.16.201.135 - - [03/Jun/2016:13:42:49 +0200] "GET /obs/test_remote/WebClient/imgs/favicon.png HTTP/1.1" 404 571 "http://172.16.201.40/" "Mozilla/5.0 (Windows NT 6.1; WOW64) AppleWebKit/537.36 (KHTML, like Gecko) Chrome/50.0.2661.102 Safari/537.36"
172.16.201.135 - - [03/Jun/2016:13:42:52 +0200] "GET /stat HTTP/1.1" 200 1924 "-" "Mozilla/5.0 (Windows NT 6.1; WOW64) AppleWebKit/537.36 (KHTML, like Gecko) Chrome/50.0.2661.102 Safari/537.36"
172.16.201.135 - - [03/Jun/2016:13:43:12 +0200] "GET /stat HTTP/1.1" 200 1927 "http://172.16.201.40/stat" "Mozilla/5.0 (Windows NT 6.1; WOW64) AppleWebKit/537.36 (KHTML, like Gecko) Chrome/50.0.2661.102 Safari/537.36"
172.16.201.135 - - [03/Jun/2016:13:43:12 +0200] "GET /stat.xsl HTTP/1.1" 304 0 "http://172.16.201.40/stat" "Mozilla/5.0 (Windows NT 6.1; WOW64) AppleWebKit/537.36 (KHTML, like Gecko) Chrome/50.0.2661.102 Safari/537.36"
172.16.201.135 - - [03/Jun/2016:13:43:32 +0200] "GET /stat HTTP/1.1" 200 1927 "http://172.16.201.40/stat" "Mozilla/5.0 (Windows NT 6.1; WOW64) AppleWebKit/537.36 (KHTML, like Gecko) Chrome/50.0.2661.102 Safari/537.36"
172.16.201.135 - - [03/Jun/2016:13:43:32 +0200] "GET /stat.xsl HTTP/1.1" 304 0 "http://172.16.201.40/stat" "Mozilla/5.0 (Windows NT 6.1; WOW64) AppleWebKit/537.36 (KHTML, like Gecko) Chrome/50.0.2661.102 Safari/537.36"
172.16.201.135 - - [03/Jun/2016:13:43:52 +0200] "GET /stat HTTP/1.1" 200 1927 "http://172.16.201.40/stat" "Mozilla/5.0 (Windows NT 6.1; WOW64) AppleWebKit/537.36 (KHTML, like Gecko) Chrome/50.0.2661.102 Safari/537.36"
172.16.201.135 - - [03/Jun/2016:13:43:52 +0200] "GET /stat.xsl HTTP/1.1" 304 0 "http://172.16.201.40/stat" "Mozilla/5.0 (Windows NT 6.1; WOW64) AppleWebKit/537.36 (KHTML, like Gecko) Chrome/50.0.2661.102 Safari/537.36"
172.16.201.135 - - [03/Jun/2016:13:44:12 +0200] "GET /stat HTTP/1.1" 200 1924 "http://172.16.201.40/stat" "Mozilla/5.0 (Windows NT 6.1; WOW64) AppleWebKit/537.36 (KHTML, like Gecko) Chrome/50.0.2661.102 Safari/537.36"
172.16.201.135 - - [03/Jun/2016:13:44:12 +0200] "GET /stat.xsl HTTP/1.1" 304 0 "http://172.16.201.40/stat" "Mozilla/5.0 (Windows NT 6.1; WOW64) AppleWebKit/537.36 (KHTML, like Gecko) Chrome/50.0.2661.102 Safari/537.36"
172.16.201.135 - - [03/Jun/2016:13:44:32 +0200] "GET /stat HTTP/1.1" 200 1928 "http://172.16.201.40/stat" "Mozilla/5.0 (Windows NT 6.1; WOW64) AppleWebKit/537.36 (KHTML, like Gecko) Chrome/50.0.2661.102 Safari/537.36"
172.16.201.135 - - [03/Jun/2016:13:44:32 +0200] "GET /stat.xsl HTTP/1.1" 304 0 "http://172.16.201.40/stat" "Mozilla/5.0 (Windows NT 6.1; WOW64) AppleWebKit/537.36 (KHTML, like Gecko) Chrome/50.0.2661.102 Safari/537.36"
172.16.201.135 - - [03/Jun/2016:13:44:52 +0200] "GET /stat HTTP/1.1" 200 1925 "http://172.16.201.40/stat" "Mozilla/5.0 (Windows NT 6.1; WOW64) AppleWebKit/537.36 (KHTML, like Gecko) Chrome/50.0.2661.102 Safari/537.36"
172.16.201.135 - - [03/Jun/2016:13:44:52 +0200] "GET /stat.xsl HTTP/1.1" 304 0 "http://172.16.201.40/stat" "Mozilla/5.0 (Windows NT 6.1; WOW64) AppleWebKit/537.36 (KHTML, like Gecko) Chrome/50.0.2661.102 Safari/537.36"
172.16.201.135 - - [03/Jun/2016:13:45:12 +0200] "GET /stat HTTP/1.1" 200 1925 "http://172.16.201.40/stat" "Mozilla/5.0 (Windows NT 6.1; WOW64) AppleWebKit/537.36 (KHTML, like Gecko) Chrome/50.0.2661.102 Safari/537.36"
172.16.201.135 - - [03/Jun/2016:13:45:12 +0200] "GET /stat.xsl HTTP/1.1" 304 0 "http://172.16.201.40/stat" "Mozilla/5.0 (Windows NT 6.1; WOW64) AppleWebKit/537.36 (KHTML, like Gecko) Chrome/50.0.2661.102 Safari/537.36"
172.16.201.135 - - [03/Jun/2016:13:45:32 +0200] "GET /stat HTTP/1.1" 200 1928 "http://172.16.201.40/stat" "Mozilla/5.0 (Windows NT 6.1; WOW64) AppleWebKit/537.36 (KHTML, like Gecko) Chrome/50.0.2661.102 Safari/537.36"
172.16.201.135 - - [03/Jun/2016:13:45:32 +0200] "GET /stat.xsl HTTP/1.1" 304 0 "http://172.16.201.40/stat" "Mozilla/5.0 (Windows NT 6.1; WOW64) AppleWebKit/537.36 (KHTML, like Gecko) Chrome/50.0.2661.102 Safari/537.36"
172.16.201.135 - - [03/Jun/2016:13:45:52 +0200] "GET /stat HTTP/1.1" 200 1928 "http://172.16.201.40/stat" "Mozilla/5.0 (Windows NT 6.1; WOW64) AppleWebKit/537.36 (KHTML, like Gecko) Chrome/50.0.2661.102 Safari/537.36"
172.16.201.135 - - [03/Jun/2016:13:45:52 +0200] "GET /stat.xsl HTTP/1.1" 304 0 "http://172.16.201.40/stat" "Mozilla/5.0 (Windows NT 6.1; WOW64) AppleWebKit/537.36 (KHTML, like Gecko) Chrome/50.0.2661.102 Safari/537.36"
172.16.201.135 - - [03/Jun/2016:13:46:12 +0200] "GET /stat HTTP/1.1" 200 1925 "http://172.16.201.40/stat" "Mozilla/5.0 (Windows NT 6.1; WOW64) AppleWebKit/537.36 (KHTML, like Gecko) Chrome/50.0.2661.102 Safari/537.36"
172.16.201.135 - - [03/Jun/2016:13:46:12 +0200] "GET /stat.xsl HTTP/1.1" 304 0 "http://172.16.201.40/stat" "Mozilla/5.0 (Windows NT 6.1; WOW64) AppleWebKit/537.36 (KHTML, like Gecko) Chrome/50.0.2661.102 Safari/537.36"
172.16.201.135 - - [03/Jun/2016:13:46:33 +0200] "GET /stat HTTP/1.1" 200 1928 "http://172.16.201.40/stat" "Mozilla/5.0 (Windows NT 6.1; WOW64) AppleWebKit/537.36 (KHTML, like Gecko) Chrome/50.0.2661.102 Safari/537.36"
172.16.201.135 - - [03/Jun/2016:13:46:33 +0200] "GET /stat.xsl HTTP/1.1" 304 0 "http://172.16.201.40/stat" "Mozilla/5.0 (Windows NT 6.1; WOW64) AppleWebKit/537.36 (KHTML, like Gecko) Chrome/50.0.2661.102 Safari/537.36"
172.16.201.135 - - [03/Jun/2016:13:46:53 +0200] "GET /stat HTTP/1.1" 200 1925 "http://172.16.201.40/stat" "Mozilla/5.0 (Windows NT 6.1; WOW64) AppleWebKit/537.36 (KHTML, like Gecko) Chrome/50.0.2661.102 Safari/537.36"
172.16.201.135 - - [03/Jun/2016:13:46:53 +0200] "GET /stat.xsl HTTP/1.1" 304 0 "http://172.16.201.40/stat" "Mozilla/5.0 (Windows NT 6.1; WOW64) AppleWebKit/537.36 (KHTML, like Gecko) Chrome/50.0.2661.102 Safari/537.36"
172.16.201.135 - - [03/Jun/2016:13:47:13 +0200] "GET /stat HTTP/1.1" 200 1925 "http://172.16.201.40/stat" "Mozilla/5.0 (Windows NT 6.1; WOW64) AppleWebKit/537.36 (KHTML, like Gecko) Chrome/50.0.2661.102 Safari/537.36"
172.16.201.135 - - [03/Jun/2016:13:47:13 +0200] "GET /stat.xsl HTTP/1.1" 304 0 "http://172.16.201.40/stat" "Mozilla/5.0 (Windows NT 6.1; WOW64) AppleWebKit/537.36 (KHTML, like Gecko) Chrome/50.0.2661.102 Safari/537.36"
172.16.201.135 - - [03/Jun/2016:13:47:33 +0200] "GET /stat HTTP/1.1" 200 1925 "http://172.16.201.40/stat" "Mozilla/5.0 (Windows NT 6.1; WOW64) AppleWebKit/537.36 (KHTML, like Gecko) Chrome/50.0.2661.102 Safari/537.36"
172.16.201.135 - - [03/Jun/2016:13:47:33 +0200] "GET /stat.xsl HTTP/1.1" 304 0 "http://172.16.201.40/stat" "Mozilla/5.0 (Windows NT 6.1; WOW64) AppleWebKit/537.36 (KHTML, like Gecko) Chrome/50.0.2661.102 Safari/537.36"
172.16.201.135 - - [03/Jun/2016:13:47:53 +0200] "GET /stat HTTP/1.1" 200 1928 "http://172.16.201.40/stat" "Mozilla/5.0 (Windows NT 6.1; WOW64) AppleWebKit/537.36 (KHTML, like Gecko) Chrome/50.0.2661.102 Safari/537.36"
172.16.201.135 - - [03/Jun/2016:13:47:53 +0200] "GET /stat.xsl HTTP/1.1" 304 0 "http://172.16.201.40/stat" "Mozilla/5.0 (Windows NT 6.1; WOW64) AppleWebKit/537.36 (KHTML, like Gecko) Chrome/50.0.2661.102 Safari/537.36"
172.16.201.135 - - [03/Jun/2016:13:48:13 +0200] "GET /stat HTTP/1.1" 200 1928 "http://172.16.201.40/stat" "Mozilla/5.0 (Windows NT 6.1; WOW64) AppleWebKit/537.36 (KHTML, like Gecko) Chrome/50.0.2661.102 Safari/537.36"
172.16.201.135 - - [03/Jun/2016:13:48:13 +0200] "GET /stat.xsl HTTP/1.1" 304 0 "http://172.16.201.40/stat" "Mozilla/5.0 (Windows NT 6.1; WOW64) AppleWebKit/537.36 (KHTML, like Gecko) Chrome/50.0.2661.102 Safari/537.36"
172.16.201.135 - - [03/Jun/2016:13:48:33 +0200] "GET /stat HTTP/1.1" 200 1922 "http://172.16.201.40/stat" "Mozilla/5.0 (Windows NT 6.1; WOW64) AppleWebKit/537.36 (KHTML, like Gecko) Chrome/50.0.2661.102 Safari/537.36"
172.16.201.135 - - [03/Jun/2016:13:48:33 +0200] "GET /stat.xsl HTTP/1.1" 304 0 "http://172.16.201.40/stat" "Mozilla/5.0 (Windows NT 6.1; WOW64) AppleWebKit/537.36 (KHTML, like Gecko) Chrome/50.0.2661.102 Safari/537.36"
172.16.201.135 - - [03/Jun/2016:13:48:53 +0200] "GET /stat HTTP/1.1" 200 1925 "http://172.16.201.40/stat" "Mozilla/5.0 (Windows NT 6.1; WOW64) AppleWebKit/537.36 (KHTML, like Gecko) Chrome/50.0.2661.102 Safari/537.36"
172.16.201.135 - - [03/Jun/2016:13:48:53 +0200] "GET /stat.xsl HTTP/1.1" 304 0 "http://172.16.201.40/stat" "Mozilla/5.0 (Windows NT 6.1; WOW64) AppleWebKit/537.36 (KHTML, like Gecko) Chrome/50.0.2661.102 Safari/537.36"
172.16.201.135 - - [03/Jun/2016:13:49:13 +0200] "GET /stat HTTP/1.1" 200 1925 "http://172.16.201.40/stat" "Mozilla/5.0 (Windows NT 6.1; WOW64) AppleWebKit/537.36 (KHTML, like Gecko) Chrome/50.0.2661.102 Safari/537.36"
172.16.201.135 - - [03/Jun/2016:13:49:13 +0200] "GET /stat.xsl HTTP/1.1" 304 0 "http://172.16.201.40/stat" "Mozilla/5.0 (Windows NT 6.1; WOW64) AppleWebKit/537.36 (KHTML, like Gecko) Chrome/50.0.2661.102 Safari/537.36"
172.16.201.135 - - [03/Jun/2016:13:49:33 +0200] "GET /stat HTTP/1.1" 200 1925 "http://172.16.201.40/stat" "Mozilla/5.0 (Windows NT 6.1; WOW64) AppleWebKit/537.36 (KHTML, like Gecko) Chrome/50.0.2661.102 Safari/537.36"
172.16.201.135 - - [03/Jun/2016:13:49:33 +0200] "GET /stat.xsl HTTP/1.1" 304 0 "http://172.16.201.40/stat" "Mozilla/5.0 (Windows NT 6.1; WOW64) AppleWebKit/537.36 (KHTML, like Gecko) Chrome/50.0.2661.102 Safari/537.36"
172.16.201.135 - - [03/Jun/2016:13:49:53 +0200] "GET /stat HTTP/1.1" 200 1928 "http://172.16.201.40/stat" "Mozilla/5.0 (Windows NT 6.1; WOW64) AppleWebKit/537.36 (KHTML, like Gecko) Chrome/50.0.2661.102 Safari/537.36"
172.16.201.135 - - [03/Jun/2016:13:49:53 +0200] "GET /stat.xsl HTTP/1.1" 304 0 "http://172.16.201.40/stat" "Mozilla/5.0 (Windows NT 6.1; WOW64) AppleWebKit/537.36 (KHTML, like Gecko) Chrome/50.0.2661.102 Safari/537.36"
172.16.201.135 - - [03/Jun/2016:13:50:13 +0200] "GET /stat HTTP/1.1" 200 1925 "http://172.16.201.40/stat" "Mozilla/5.0 (Windows NT 6.1; WOW64) AppleWebKit/537.36 (KHTML, like Gecko) Chrome/50.0.2661.102 Safari/537.36"
172.16.201.135 - - [03/Jun/2016:13:50:13 +0200] "GET /stat.xsl HTTP/1.1" 304 0 "http://172.16.201.40/stat" "Mozilla/5.0 (Windows NT 6.1; WOW64) AppleWebKit/537.36 (KHTML, like Gecko) Chrome/50.0.2661.102 Safari/537.36"
172.16.201.135 - - [03/Jun/2016:13:50:33 +0200] "GET /stat HTTP/1.1" 200 1925 "http://172.16.201.40/stat" "Mozilla/5.0 (Windows NT 6.1; WOW64) AppleWebKit/537.36 (KHTML, like Gecko) Chrome/50.0.2661.102 Safari/537.36"
172.16.201.135 - - [03/Jun/2016:13:50:33 +0200] "GET /stat.xsl HTTP/1.1" 304 0 "http://172.16.201.40/stat" "Mozilla/5.0 (Windows NT 6.1; WOW64) AppleWebKit/537.36 (KHTML, like Gecko) Chrome/50.0.2661.102 Safari/537.36"
172.16.201.135 - - [03/Jun/2016:13:50:53 +0200] "GET /stat HTTP/1.1" 200 1925 "http://172.16.201.40/stat" "Mozilla/5.0 (Windows NT 6.1; WOW64) AppleWebKit/537.36 (KHTML, like Gecko) Chrome/50.0.2661.102 Safari/537.36"
172.16.201.135 - - [03/Jun/2016:13:50:53 +0200] "GET /stat.xsl HTTP/1.1" 304 0 "http://172.16.201.40/stat" "Mozilla/5.0 (Windows NT 6.1; WOW64) AppleWebKit/537.36 (KHTML, like Gecko) Chrome/50.0.2661.102 Safari/537.36"
172.16.201.135 - - [03/Jun/2016:13:51:13 +0200] "GET /stat HTTP/1.1" 200 1925 "http://172.16.201.40/stat" "Mozilla/5.0 (Windows NT 6.1; WOW64) AppleWebKit/537.36 (KHTML, like Gecko) Chrome/50.0.2661.102 Safari/537.36"
172.16.201.135 - - [03/Jun/2016:13:51:13 +0200] "GET /stat.xsl HTTP/1.1" 304 0 "http://172.16.201.40/stat" "Mozilla/5.0 (Windows NT 6.1; WOW64) AppleWebKit/537.36 (KHTML, like Gecko) Chrome/50.0.2661.102 Safari/537.36"
172.16.201.135 - - [03/Jun/2016:13:51:26 +0200] "GET /stat HTTP/1.1" 404 571 "http://172.16.201.40/stat" "Mozilla/5.0 (Windows NT 6.1; WOW64) AppleWebKit/537.36 (KHTML, like Gecko) Chrome/50.0.2661.102 Safari/537.36"
172.16.201.135 - - [03/Jun/2016:13:51:26 +0200] "GET /favicon.ico HTTP/1.1" 404 571 "http://172.16.201.40/stat" "Mozilla/5.0 (Windows NT 6.1; WOW64) AppleWebKit/537.36 (KHTML, like Gecko) Chrome/50.0.2661.102 Safari/537.36"
172.16.201.135 - - [03/Jun/2016:13:51:26 +0200] "GET /stat HTTP/1.1" 404 571 "http://172.16.201.40/stat" "Mozilla/5.0 (Windows NT 6.1; WOW64) AppleWebKit/537.36 (KHTML, like Gecko) Chrome/50.0.2661.102 Safari/537.36"
172.16.201.135 - - [03/Jun/2016:13:51:26 +0200] "GET /stat HTTP/1.1" 404 571 "http://172.16.201.40/stat" "Mozilla/5.0 (Windows NT 6.1; WOW64) AppleWebKit/537.36 (KHTML, like Gecko) Chrome/50.0.2661.102 Safari/537.36"
172.16.201.135 - - [03/Jun/2016:13:51:27 +0200] "GET /stat HTTP/1.1" 404 571 "http://172.16.201.40/stat" "Mozilla/5.0 (Windows NT 6.1; WOW64) AppleWebKit/537.36 (KHTML, like Gecko) Chrome/50.0.2661.102 Safari/537.36"
172.16.201.135 - - [03/Jun/2016:13:52:23 +0200] "GET /stat HTTP/1.1" 404 571 "http://172.16.201.40/stat" "Mozilla/5.0 (Windows NT 6.1; WOW64) AppleWebKit/537.36 (KHTML, like Gecko) Chrome/50.0.2661.102 Safari/537.36"
172.16.201.135 - - [03/Jun/2016:13:52:24 +0200] "GET /stat HTTP/1.1" 404 571 "http://172.16.201.40/stat" "Mozilla/5.0 (Windows NT 6.1; WOW64) AppleWebKit/537.36 (KHTML, like Gecko) Chrome/50.0.2661.102 Safari/537.36"
172.16.201.135 - - [03/Jun/2016:13:52:24 +0200] "GET /stat HTTP/1.1" 404 571 "http://172.16.201.40/stat" "Mozilla/5.0 (Windows NT 6.1; WOW64) AppleWebKit/537.36 (KHTML, like Gecko) Chrome/50.0.2661.102 Safari/537.36"
172.16.201.135 - - [03/Jun/2016:13:52:24 +0200] "GET /stat HTTP/1.1" 404 571 "http://172.16.201.40/stat" "Mozilla/5.0 (Windows NT 6.1; WOW64) AppleWebKit/537.36 (KHTML, like Gecko) Chrome/50.0.2661.102 Safari/537.36"
172.16.201.135 - - [03/Jun/2016:13:52:26 +0200] "GET /stat HTTP/1.1" 404 571 "-" "Mozilla/5.0 (Windows NT 6.1; WOW64) AppleWebKit/537.36 (KHTML, like Gecko) Chrome/50.0.2661.102 Safari/537.36"
172.16.201.135 - - [03/Jun/2016:13:53:02 +0200] "GET /stat HTTP/1.1" 404 571 "-" "Mozilla/5.0 (Windows NT 6.1; WOW64) AppleWebKit/537.36 (KHTML, like Gecko) Chrome/50.0.2661.102 Safari/537.36"
172.16.201.135 - - [03/Jun/2016:13:53:02 +0200] "GET /stat HTTP/1.1" 404 571 "-" "Mozilla/5.0 (Windows NT 6.1; WOW64) AppleWebKit/537.36 (KHTML, like Gecko) Chrome/50.0.2661.102 Safari/537.36"
172.16.201.135 - - [03/Jun/2016:13:53:02 +0200] "GET /stat HTTP/1.1" 404 571 "-" "Mozilla/5.0 (Windows NT 6.1; WOW64) AppleWebKit/537.36 (KHTML, like Gecko) Chrome/50.0.2661.102 Safari/537.36"
172.16.201.135 - - [03/Jun/2016:13:53:02 +0200] "GET /stat HTTP/1.1" 404 571 "-" "Mozilla/5.0 (Windows NT 6.1; WOW64) AppleWebKit/537.36 (KHTML, like Gecko) Chrome/50.0.2661.102 Safari/537.36"
172.16.201.135 - - [03/Jun/2016:13:54:00 +0200] "GET /stat HTTP/1.1" 404 571 "-" "Mozilla/5.0 (Windows NT 6.1; WOW64) AppleWebKit/537.36 (KHTML, like Gecko) Chrome/50.0.2661.102 Safari/537.36"
172.16.201.135 - - [03/Jun/2016:13:54:00 +0200] "GET /stat HTTP/1.1" 404 571 "-" "Mozilla/5.0 (Windows NT 6.1; WOW64) AppleWebKit/537.36 (KHTML, like Gecko) Chrome/50.0.2661.102 Safari/537.36"
172.16.201.135 - - [03/Jun/2016:13:54:00 +0200] "GET /stat HTTP/1.1" 404 571 "-" "Mozilla/5.0 (Windows NT 6.1; WOW64) AppleWebKit/537.36 (KHTML, like Gecko) Chrome/50.0.2661.102 Safari/537.36"
172.16.201.135 - - [03/Jun/2016:13:54:00 +0200] "GET /stat HTTP/1.1" 404 571 "-" "Mozilla/5.0 (Windows NT 6.1; WOW64) AppleWebKit/537.36 (KHTML, like Gecko) Chrome/50.0.2661.102 Safari/537.36"
172.16.201.135 - - [03/Jun/2016:13:54:08 +0200] "GET /stat HTTP/1.1" 404 169 "-" "Mozilla/5.0 (Windows NT 6.1; WOW64; Trident/7.0; rv:11.0) like Gecko"
172.16.201.135 - - [03/Jun/2016:13:54:43 +0200] "GET /stat HTTP/1.1" 200 548 "-" "Mozilla/5.0 (Windows NT 6.1; WOW64) AppleWebKit/537.36 (KHTML, like Gecko) Chrome/50.0.2661.102 Safari/537.36"
172.16.201.135 - - [03/Jun/2016:13:54:43 +0200] "GET /stat.xsl HTTP/1.1" 404 571 "http://172.16.201.40/stat" "Mozilla/5.0 (Windows NT 6.1; WOW64) AppleWebKit/537.36 (KHTML, like Gecko) Chrome/50.0.2661.102 Safari/537.36"
172.16.201.135 - - [03/Jun/2016:13:54:44 +0200] "GET /stat HTTP/1.1" 200 548 "-" "Mozilla/5.0 (Windows NT 6.1; WOW64) AppleWebKit/537.36 (KHTML, like Gecko) Chrome/50.0.2661.102 Safari/537.36"
172.16.201.135 - - [03/Jun/2016:13:54:44 +0200] "GET /stat.xsl HTTP/1.1" 404 571 "http://172.16.201.40/stat" "Mozilla/5.0 (Windows NT 6.1; WOW64) AppleWebKit/537.36 (KHTML, like Gecko) Chrome/50.0.2661.102 Safari/537.36"
172.16.201.135 - - [03/Jun/2016:13:54:45 +0200] "GET /stat HTTP/1.1" 200 548 "-" "Mozilla/5.0 (Windows NT 6.1; WOW64) AppleWebKit/537.36 (KHTML, like Gecko) Chrome/50.0.2661.102 Safari/537.36"
172.16.201.135 - - [03/Jun/2016:13:54:45 +0200] "GET /stat.xsl HTTP/1.1" 404 571 "http://172.16.201.40/stat" "Mozilla/5.0 (Windows NT 6.1; WOW64) AppleWebKit/537.36 (KHTML, like Gecko) Chrome/50.0.2661.102 Safari/537.36"
172.16.201.135 - - [03/Jun/2016:13:54:47 +0200] "GET /jwplayer.js HTTP/1.1" 404 571 "http://172.16.201.40/" "Mozilla/5.0 (Windows NT 6.1; WOW64) AppleWebKit/537.36 (KHTML, like Gecko) Chrome/50.0.2661.102 Safari/537.36"
172.16.201.135 - - [03/Jun/2016:13:54:47 +0200] "GET /jwplayer.html5.js HTTP/1.1" 404 571 "http://172.16.201.40/" "Mozilla/5.0 (Windows NT 6.1; WOW64) AppleWebKit/537.36 (KHTML, like Gecko) Chrome/50.0.2661.102 Safari/537.36"
172.16.201.135 - - [03/Jun/2016:13:54:47 +0200] "GET /test.css HTTP/1.1" 404 571 "http://172.16.201.40/" "Mozilla/5.0 (Windows NT 6.1; WOW64) AppleWebKit/537.36 (KHTML, like Gecko) Chrome/50.0.2661.102 Safari/537.36"
172.16.201.135 - - [03/Jun/2016:13:54:47 +0200] "GET /bootstrap/bootstrap-3.3.2-dist/css/bootstrap.min.css HTTP/1.1" 404 571 "http://172.16.201.40/" "Mozilla/5.0 (Windows NT 6.1; WOW64) AppleWebKit/537.36 (KHTML, like Gecko) Chrome/50.0.2661.102 Safari/537.36"
172.16.201.135 - - [03/Jun/2016:13:54:47 +0200] "GET /indexx_fichiers/ie-emulation-modes-warning.js HTTP/1.1" 404 571 "http://172.16.201.40/" "Mozilla/5.0 (Windows NT 6.1; WOW64) AppleWebKit/537.36 (KHTML, like Gecko) Chrome/50.0.2661.102 Safari/537.36"
172.16.201.135 - - [03/Jun/2016:13:55:53 +0200] "GET /stat HTTP/1.1" 200 548 "http://172.16.201.40/stat" "Mozilla/5.0 (Windows NT 6.1; WOW64) AppleWebKit/537.36 (KHTML, like Gecko) Chrome/50.0.2661.102 Safari/537.36"
172.16.201.135 - - [03/Jun/2016:13:55:53 +0200] "GET /stat.xsl HTTP/1.1" 304 0 "http://172.16.201.40/stat" "Mozilla/5.0 (Windows NT 6.1; WOW64) AppleWebKit/537.36 (KHTML, like Gecko) Chrome/50.0.2661.102 Safari/537.36"
172.16.201.135 - - [03/Jun/2016:13:55:54 +0200] "GET /stat HTTP/1.1" 200 548 "http://172.16.201.40/stat" "Mozilla/5.0 (Windows NT 6.1; WOW64) AppleWebKit/537.36 (KHTML, like Gecko) Chrome/50.0.2661.102 Safari/537.36"
172.16.201.135 - - [03/Jun/2016:13:55:54 +0200] "GET /stat.xsl HTTP/1.1" 304 0 "http://172.16.201.40/stat" "Mozilla/5.0 (Windows NT 6.1; WOW64) AppleWebKit/537.36 (KHTML, like Gecko) Chrome/50.0.2661.102 Safari/537.36"
172.16.201.135 - - [03/Jun/2016:13:55:54 +0200] "GET /stat HTTP/1.1" 200 548 "http://172.16.201.40/stat" "Mozilla/5.0 (Windows NT 6.1; WOW64) AppleWebKit/537.36 (KHTML, like Gecko) Chrome/50.0.2661.102 Safari/537.36"
172.16.201.135 - - [03/Jun/2016:13:55:54 +0200] "GET /stat.xsl HTTP/1.1" 304 0 "http://172.16.201.40/stat" "Mozilla/5.0 (Windows NT 6.1; WOW64) AppleWebKit/537.36 (KHTML, like Gecko) Chrome/50.0.2661.102 Safari/537.36"
172.16.201.135 - - [03/Jun/2016:13:55:55 +0200] "GET /jwplayer.js HTTP/1.1" 404 571 "http://172.16.201.40/" "Mozilla/5.0 (Windows NT 6.1; WOW64) AppleWebKit/537.36 (KHTML, like Gecko) Chrome/50.0.2661.102 Safari/537.36"
172.16.201.135 - - [03/Jun/2016:13:55:55 +0200] "GET /jwplayer.html5.js HTTP/1.1" 404 571 "http://172.16.201.40/" "Mozilla/5.0 (Windows NT 6.1; WOW64) AppleWebKit/537.36 (KHTML, like Gecko) Chrome/50.0.2661.102 Safari/537.36"
172.16.201.135 - - [03/Jun/2016:13:55:55 +0200] "GET /test.css HTTP/1.1" 404 571 "http://172.16.201.40/" "Mozilla/5.0 (Windows NT 6.1; WOW64) AppleWebKit/537.36 (KHTML, like Gecko) Chrome/50.0.2661.102 Safari/537.36"
172.16.201.135 - - [03/Jun/2016:13:55:55 +0200] "GET /bootstrap/bootstrap-3.3.2-dist/css/bootstrap.min.css HTTP/1.1" 404 571 "http://172.16.201.40/" "Mozilla/5.0 (Windows NT 6.1; WOW64) AppleWebKit/537.36 (KHTML, like Gecko) Chrome/50.0.2661.102 Safari/537.36"
172.16.201.135 - - [03/Jun/2016:13:55:55 +0200] "GET /indexx_fichiers/ie-emulation-modes-warning.js HTTP/1.1" 404 571 "http://172.16.201.40/" "Mozilla/5.0 (Windows NT 6.1; WOW64) AppleWebKit/537.36 (KHTML, like Gecko) Chrome/50.0.2661.102 Safari/537.36"
172.16.201.135 - - [03/Jun/2016:13:55:56 +0200] "GET / HTTP/1.1" 404 571 "-" "Mozilla/5.0 (Windows NT 6.1; WOW64) AppleWebKit/537.36 (KHTML, like Gecko) Chrome/50.0.2661.102 Safari/537.36"
172.16.201.135 - - [03/Jun/2016:13:55:57 +0200] "GET / HTTP/1.1" 404 571 "-" "Mozilla/5.0 (Windows NT 6.1; WOW64) AppleWebKit/537.36 (KHTML, like Gecko) Chrome/50.0.2661.102 Safari/537.36"
172.16.201.135 - - [03/Jun/2016:13:55:58 +0200] "GET / HTTP/1.1" 404 571 "-" "Mozilla/5.0 (Windows NT 6.1; WOW64) AppleWebKit/537.36 (KHTML, like Gecko) Chrome/50.0.2661.102 Safari/537.36"
172.16.201.135 - - [03/Jun/2016:13:55:58 +0200] "GET / HTTP/1.1" 404 571 "-" "Mozilla/5.0 (Windows NT 6.1; WOW64) AppleWebKit/537.36 (KHTML, like Gecko) Chrome/50.0.2661.102 Safari/537.36"
172.16.201.135 - - [03/Jun/2016:13:55:59 +0200] "GET / HTTP/1.1" 404 571 "-" "Mozilla/5.0 (Windows NT 6.1; WOW64) AppleWebKit/537.36 (KHTML, like Gecko) Chrome/50.0.2661.102 Safari/537.36"
172.16.201.135 - - [03/Jun/2016:13:55:59 +0200] "GET / HTTP/1.1" 404 571 "-" "Mozilla/5.0 (Windows NT 6.1; WOW64) AppleWebKit/537.36 (KHTML, like Gecko) Chrome/50.0.2661.102 Safari/537.36"
172.16.201.135 - - [03/Jun/2016:13:55:59 +0200] "GET / HTTP/1.1" 404 571 "-" "Mozilla/5.0 (Windows NT 6.1; WOW64) AppleWebKit/537.36 (KHTML, like Gecko) Chrome/50.0.2661.102 Safari/537.36"
172.16.201.135 - - [03/Jun/2016:13:55:59 +0200] "GET / HTTP/1.1" 404 571 "-" "Mozilla/5.0 (Windows NT 6.1; WOW64) AppleWebKit/537.36 (KHTML, like Gecko) Chrome/50.0.2661.102 Safari/537.36"
172.16.201.135 - - [03/Jun/2016:13:56:00 +0200] "GET / HTTP/1.1" 404 571 "-" "Mozilla/5.0 (Windows NT 6.1; WOW64) AppleWebKit/537.36 (KHTML, like Gecko) Chrome/50.0.2661.102 Safari/537.36"
172.16.201.135 - - [03/Jun/2016:13:56:00 +0200] "GET / HTTP/1.1" 404 571 "-" "Mozilla/5.0 (Windows NT 6.1; WOW64) AppleWebKit/537.36 (KHTML, like Gecko) Chrome/50.0.2661.102 Safari/537.36"
172.16.201.135 - - [03/Jun/2016:13:56:43 +0200] "GET / HTTP/1.1" 404 571 "-" "Mozilla/5.0 (Windows NT 6.1; WOW64) AppleWebKit/537.36 (KHTML, like Gecko) Chrome/50.0.2661.102 Safari/537.36"
172.16.201.135 - - [03/Jun/2016:13:56:43 +0200] "GET / HTTP/1.1" 404 571 "-" "Mozilla/5.0 (Windows NT 6.1; WOW64) AppleWebKit/537.36 (KHTML, like Gecko) Chrome/50.0.2661.102 Safari/537.36"
172.16.201.135 - - [03/Jun/2016:13:57:16 +0200] "GET / HTTP/1.1" 404 571 "-" "Mozilla/5.0 (Windows NT 6.1; WOW64) AppleWebKit/537.36 (KHTML, like Gecko) Chrome/50.0.2661.102 Safari/537.36"
172.16.201.135 - - [03/Jun/2016:13:57:17 +0200] "GET / HTTP/1.1" 404 571 "-" "Mozilla/5.0 (Windows NT 6.1; WOW64) AppleWebKit/537.36 (KHTML, like Gecko) Chrome/50.0.2661.102 Safari/537.36"
